[www.calm.com/index.html]
[backblue.gif]
[fade.gif]
[index.html]
[www.calm.com/images/favicon.png]
[connect.facebook.net/en_US/fbevents.js]
[www.calm.com/css/homepage.css]
[d24n15hnbwhuhn.cloudfront.net/libs/amplitude-2.6.0-min.gz.js]
[js.pusher.com/3.0/pusher.min.js]
[www.calm.com/subscribe.html]
[www.calm.com/faq/web.html]
[www.calm.com/gift.html]
[www.calm.com/teams.html]
[www.calm.com/book.html]
[www.calm.com/terms.html]
[cdn.calm.com/images/scene-bg-Qqkzy9k7Eo6163.jpg]
[cdn.calm.com/images/scene-bg-nGWcJdvlQ2d3ee.jpg]
[cdn.calm.com/images/scene-bg-HKceZ4c2ntad09.jpg]
[cdn.calm.com/images/scene-bg-nEiN7iOVb34e7d.png]
[cdn.calm.com/images/scene-bg-OE6oKvgzMd7a6.jpg]
[cdn.calm.com/images/scene-bg-WdVY0QGD4e46f.jpg]
[cdn.calm.com/images/scene-bg-9ZtcCFclEHa29c.jpg]
[cdn.calm.com/images/scene-bg-Jcmdfl7dA74b4c.jpg]
[cdn.calm.com/images/scene-bg-Uz5hyVfJcr97c8.jpg]
[cdn.calm.com/images/scene-bg-YCVYr0Jfdsf4f2.jpg]
[cdn.calm.com/images/scene-bg-N0LlltMMDH4f38.jpg]
[cdn.calm.com/images/scene-bg-6pNLkdGkUne570.jpg]
[cdn.calm.com/images/scene-bg-cfLUgx4Iku8b08.jpg]
[cdn.calm.com/images/scene-bg-smAoIf46ts9c68.jpg]
[cdn.calm.com/images/scene-bg-CGiZGKhiiOe54e.jpg]
[cdn.calm.com/images/scene-bg-csSdMlJp8O1cc7.jpg]
[cdn.calm.com/images/scene-bg-PUUMUgXlHH0ee7.jpg]
[cdn.calm.com/images/scene-bg-8a1JV90qHM34f5.jpg]
[cdn.calm.com/images/scene-bg-D6OMYcLR5Ce37d.jpg]
[cdn.calm.com/images/scene-bg-AI2PpDVaKc69c0.jpg]
[cdn.calm.com/images/scene-bg-Sv6DCFeoWFf52c.jpg]
[cdn.calm.com/images/scene-bg-osO7wV86cD6077.jpg]
[cdn.calm.com/images/scene-bg-4tL5muEo3Q533d.jpg]
[cdn.calm.com/images/scene-bg-X2nUnvVWn71ba7.jpg]
[cdn.calm.com/images/scene-bg-UGH2oUBMyM86fd.jpg]
[cdn.calm.com/images/scene-bg-eYdtM75nU82203.jpg]
[cdn.calm.com/images/scene-bg-I4xUtlrUoWcf41.jpg]
[cdn.calm.com/images/scene-bg-7EIjhZ98C759d0.jpg]
[cdn.calm.com/images/scene-bg-J4oaJdMWZUe5e0.jpg]
[www.calm.com/index.html]
[www.calm.com/images/sprites/calm-loader1b0a.png]
[www.calm.com/js/homepage.js]
[www.calm.com/fonts/Avenir-Light188a.woff]
[www.calm.com/fonts/Avenir-Lightbfa0.woff2]
[www.calm.com/fonts/Avenir-Lightca3c.ttf]
[www.calm.com/fonts/Avenir-Bookc1a1.woff]
[www.calm.com/fonts/Avenir-Booka376.woff2]
[www.calm.com/fonts/Avenir-Bookde21.ttf]
[www.calm.com/fonts/Avenir-Romand69b.woff]
[www.calm.com/fonts/Avenir-Romane071.woff2]
[www.calm.com/fonts/Avenir-Roman412d.ttf]
[www.calm.com/fonts/Avenir-Mediumffbe.woff]
[www.calm.com/fonts/Avenir-Medium1a6b.woff2]
[www.calm.com/fonts/Avenir-Medium4edd.ttf]
[www.calm.com/fonts/Avenir-Heavye398.woff]
[www.calm.com/fonts/Avenir-Heavy005c.woff2]
[www.calm.com/fonts/Avenir-Heavyf3b8.ttf]
[www.calm.com/fonts/Avenir-Blackb19e.woff]
[www.calm.com/fonts/Avenir-Blacka8f7.woff2]
[www.calm.com/fonts/Avenir-Black0aa3.ttf]
[www.calm.com/fonts/Avenir-LightOblique4a2e.woff]
[www.calm.com/fonts/Avenir-LightOblique4c34.woff2]
[www.calm.com/fonts/Avenir-BookOblique950d.woff]
[www.calm.com/fonts/Avenir-LightOblique2d3d.ttf]
[www.calm.com/fonts/Avenir-BookOblique4480.woff2]
[www.calm.com/fonts/Avenir-Obliquea7f5.woff]
[www.calm.com/fonts/Avenir-Obliquef1aa.woff2]
[www.calm.com/fonts/Avenir-BookOblique9047.ttf]
[www.calm.com/fonts/Avenir-Oblique7bdd.ttf]
[www.calm.com/fonts/Avenir-MediumOblique5d07.woff]
[www.calm.com/fonts/Avenir-MediumOblique683c.woff2]
[www.calm.com/fonts/Avenir-HeavyOblique4313.woff]
[www.calm.com/fonts/Avenir-MediumObliqueb68c.ttf]
[www.calm.com/fonts/Avenir-HeavyObliquee5ac.woff2]
[www.calm.com/fonts/Avenir-HeavyOblique4525.ttf]
[www.calm.com/fonts/Avenir-BlackOblique3378.woff]
[www.calm.com/fonts/Avenir-BlackObliquefda2.woff2]
[www.calm.com/fonts/RobotoSlab-Thinfd52.woff]
[www.calm.com/fonts/Avenir-BlackObliquecae2.ttf]
[www.calm.com/fonts/RobotoSlab-Thin2477.woff2]
[www.calm.com/fonts/RobotoSlab-Light81e4.woff]
[www.calm.com/fonts/RobotoSlab-Thin16a3.ttf]
[www.calm.com/fonts/RobotoSlab-Lightae7b.woff2]
[www.calm.com/fonts/RobotoSlab-Regular0556.woff]
[www.calm.com/fonts/RobotoSlab-Regular9597.woff2]
[www.calm.com/fonts/RobotoSlab-Lightee7c.ttf]
[www.calm.com/fonts/RobotoSlab-Regular06c2.ttf]
[www.calm.com/fonts/RobotoSlab-Boldc54a.woff]
[www.calm.com/fonts/RobotoSlab-Boldb94e.woff2]
[www.calm.com/images/browser/chromea437.png]
[www.calm.com/fonts/RobotoSlab-Bold48e6.ttf]
[www.calm.com/images/browser/firefox9440.png]
[www.calm.com/images/browser/safari5fc4.png]
[www.calm.com/images/browser/msie5bde.png]
[www.calm.com/images/browser/operaaa33.png]
[www.calm.com/images/browser/ios917a.png]
[www.calm.com/images/browser/android4f11.png]
[www.calm.com/images/sprites/form8bc8.png]
[www.calm.com/images/sprites/homepage16e5.png]
[www.calm.com/css/homepage.css]
[connect.facebook.net/en_US/fbevents.js]
[www.calm.com/css/subscribe.css]
[www.calm.com/privacy.html]
[www.google-analytics.com/analytics.js]
[www.googleadservices.com/pagead/f.txt]
[www.calm.com/subscribe.html]
[www.calm.com/css/faq.css]
[www.calm.com/faq/web.html]
[www.calm.com/js/subscribe.js]
[www.calm.com/css/gift.css]
[www.calm.com/js/faq.js]
[www.calm.com/gift.html]
[www.calm.com/css/team_create.css]
[www.calm.com/teams.html]
[www.calm.com/js/gift.js]
[www.calm.com/css/book.css]
[www.calm.com/images/shared/calm-text-gradient.png]
[www.calm.com/js/team_create.js]
[www.calm.com/book.html]
[www.calm.com/css/legal_terms.css]
[www.calm.com/terms.html]
[www.calm.com/images/sprites/footer264c.png]
[www.calm.com/js/legal_terms.js]
[www.calm.com/images/sprites/headerb884.png]
[www.calm.com/images/sprites/subscribe93dd.png]
[www.calm.com/images/subscribe/devicesb861.png]
[www.calm.com/css/subscribe.css]
[www.calm.com/css/legal_privacy.css]
[www.calm.com/privacy.html]
[www.calm.com/css/faq.css]
[www.calm.com/images/gift/benefits-phone5c34.png]
[www.calm.com/images/sprites/gift569b.png]
[www.calm.com/js/legal_privacy.js]
[www.calm.com/js/book.js]
[www.calm.com/images/gift/purchase-ringse3e7.png]
[www.calm.com/images/gift/purchase-card2f9c.png]
[www.calm.com/images/gift/benefits-phone-icons4a9d.png]
[www.calm.com/css/gift.css]
[www.calm.com/images/sprites/teams-create35c3.png]
[www.calm.com/images/teams-create/successd1b7.png]
[www.calm.com/css/team_create.css]
[www.calm.com/images/shared/watercolor-hillscb3b.png]
[www.calm.com/images/sprites/bookb5e1.png]
[www.calm.com/images/book/hero98ad.png]
[www.calm.com/images/book/benefits-splash-desktop263d.png]
[www.calm.com/images/book/benefits-splash-mobile83f5.png]
[www.calm.com/images/book/watercolor-actond29e.png]
[www.calm.com/images/book/watercolor-tewycf98.png]
[www.calm.com/css/book.css]
[www.calm.com/css/legal_terms.css]
[www.calm.com/css/legal_privacy.css]
